// Jest Snapshot v1, https://goo.gl/fbAQLP

exports[`renders correctly 1`] = `
<div
  className="info show"
>
  <h3>
    100
  </h3>
  <p>
    Test: 
  </p>
</div>
`;
